#
# There is insufficient memory for the Java Runtime Environment to continue.
# Native memory allocation (malloc) failed to allocate 2212864 bytes. Error detail: Chunk::new
# Possible reasons:
#   The system is out of physical RAM or swap space
#   This process is running with CompressedOops enabled, and the Java Heap may be blocking the growth of the native heap
# Possible solutions:
#   Reduce memory load on the system
#   Increase physical memory or swap space
#   Check if swap backing store is full
#   Decrease Java heap size (-Xmx/-Xms)
#   Decrease number of Java threads
#   Decrease Java thread stack sizes (-Xss)
#   Set larger code cache with -XX:ReservedCodeCacheSize=
#   JVM is running with Zero Based Compressed Oops mode in which the Java heap is
#     placed in the first 32GB address space. The Java Heap base address is the
#     maximum limit for the native heap growth. Please use -XX:HeapBaseMinAddress
#     to set the Java Heap base and to place the Java Heap above 32GB virtual address.
# This output file may be truncated or incomplete.
#
#  Out of Memory Error (arena.cpp:191), pid=16376, tid=47996
#
# JRE version: OpenJDK Runtime Environment Temurin-17.0.14+7 (17.0.14+7) (build 17.0.14+7)
# Java VM: OpenJDK 64-Bit Server VM Temurin-17.0.14+7 (17.0.14+7, mixed mode, sharing, tiered, compressed oops, compressed class ptrs, g1 gc, windows-amd64)
# No core dump will be written. Minidumps are not enabled by default on client versions of Windows
#

---------------  S U M M A R Y ------------

Command Line: -agentlib:jdwp=transport=dt_socket,address=127.0.0.1:56922,suspend=y,server=n -javaagent:C:\Users\jelen\AppData\Local\JetBrains\IdeaIC2024.3\captureAgent\debugger-agent.jar -Dkotlinx.coroutines.debug.enable.creation.stack.trace=false -Ddebugger.agent.enable.coroutines=true -Dkotlinx.coroutines.debug.enable.flows.stack.trace=true -Dkotlinx.coroutines.debug.enable.mutable.state.flows.stack.trace=true -Dfile.encoding=UTF-8 org.example.Main

Host: 13th Gen Intel(R) Core(TM) i5-1334U, 12 cores, 15G,  Windows 11 , 64 bit Build 26100 (10.0.26100.7920)
Time: Wed Apr  8 09:00:46 2026 Central European Daylight Time elapsed time: 10.344164 seconds (0d 0h 0m 10s)

---------------  T H R E A D  ---------------

Current thread (0x000001eb9d22ba50):  JavaThread "C2 CompilerThread2" daemon [_thread_in_native, id=47996, stack(0x00000046bb000000,0x00000046bb100000)]


Current CompileTask:
C2:  10344 5557   !   4       org.springframework.util.ReflectionUtils::doWithMethods (186 bytes)

Stack: [0x00000046bb000000,0x00000046bb100000]
Native frames: (J=compiled Java code, j=interpreted, Vv=VM code, C=native code)
V  [jvm.dll+0x682eb9]
V  [jvm.dll+0x8399c8]
V  [jvm.dll+0x83b473]
V  [jvm.dll+0x83bae3]
V  [jvm.dll+0x24715f]
V  [jvm.dll+0xace44]
V  [jvm.dll+0xad4dc]
V  [jvm.dll+0x365b5e]
V  [jvm.dll+0x1baa69]
V  [jvm.dll+0x2182a7]
V  [jvm.dll+0x21758f]
V  [jvm.dll+0x1a3150]
V  [jvm.dll+0x22799c]
V  [jvm.dll+0x225afb]
V  [jvm.dll+0x7ef128]
V  [jvm.dll+0x7e948c]
V  [jvm.dll+0x681d97]
C  [ucrtbase.dll+0x37b0]
C  [KERNEL32.DLL+0x2e8d7]
C  [ntdll.dll+0x8c48c]


---------------  P R O C E S S  ---------------

Threads class SMR info:
_java_thread_list=0x000001eb959ba980, length=20, elements={
0x000001eb2bb680b0, 0x000001eb4ea56f30, 0x000001eb4ea57af0, 0x000001eb4ea6b0b0,
0x000001eb4ea6ba70, 0x000001eb4ea6c430, 0x000001eb4ea70e00, 0x000001eb4ea71af0,
0x000001eb4ea728f0, 0x000001eb4ea732f0, 0x000001eb90120950, 0x000001eb901e0440,
0x000001eb901e51f0, 0x000001eb901fe130, 0x000001eb903164e0, 0x000001eb9584da20,
0x000001eb9584b1a0, 0x000001eb958511d0, 0x000001eb9d22cf90, 0x000001eb9d22ba50
}

Java Threads: ( => current thread )
  0x000001eb2bb680b0 JavaThread "main" [_thread_in_native, id=25288, stack(0x00000046b8a00000,0x00000046b8b00000)]
  0x000001eb4ea56f30 JavaThread "Reference Handler" daemon [_thread_blocked, id=17776, stack(0x00000046b9100000,0x00000046b9200000)]
  0x000001eb4ea57af0 JavaThread "Finalizer" daemon [_thread_blocked, id=52580, stack(0x00000046b9200000,0x00000046b9300000)]
  0x000001eb4ea6b0b0 JavaThread "Signal Dispatcher" daemon [_thread_blocked, id=56336, stack(0x00000046b9300000,0x00000046b9400000)]
  0x000001eb4ea6ba70 JavaThread "Attach Listener" daemon [_thread_blocked, id=22592, stack(0x00000046b9400000,0x00000046b9500000)]
  0x000001eb4ea6c430 JavaThread "Service Thread" daemon [_thread_blocked, id=28924, stack(0x00000046b9500000,0x00000046b9600000)]
  0x000001eb4ea70e00 JavaThread "Monitor Deflation Thread" daemon [_thread_blocked, id=34212, stack(0x00000046b9600000,0x00000046b9700000)]
  0x000001eb4ea71af0 JavaThread "C2 CompilerThread0" daemon [_thread_in_native, id=39432, stack(0x00000046b9700000,0x00000046b9800000)]
  0x000001eb4ea728f0 JavaThread "C1 CompilerThread0" daemon [_thread_blocked, id=38164, stack(0x00000046b9800000,0x00000046b9900000)]
  0x000001eb4ea732f0 JavaThread "Sweeper thread" daemon [_thread_blocked, id=55584, stack(0x00000046b9900000,0x00000046b9a00000)]
  0x000001eb90120950 JavaThread "Common-Cleaner" daemon [_thread_blocked, id=15716, stack(0x00000046b9a00000,0x00000046b9b00000)]
  0x000001eb901e0440 JavaThread "JDWP Transport Listener: dt_socket" daemon [_thread_blocked, id=58160, stack(0x00000046b9b00000,0x00000046b9c00000)]
  0x000001eb901e51f0 JavaThread "JDWP Event Helper Thread" daemon [_thread_blocked, id=20564, stack(0x00000046b9c00000,0x00000046b9d00000)]
  0x000001eb901fe130 JavaThread "JDWP Command Reader" daemon [_thread_in_native, id=55796, stack(0x00000046b9d00000,0x00000046b9e00000)]
  0x000001eb903164e0 JavaThread "Notification Thread" daemon [_thread_blocked, id=46780, stack(0x00000046b9e00000,0x00000046b9f00000)]
  0x000001eb9584da20 JavaThread "PostgreSQL-JDBC-Cleaner" daemon [_thread_blocked, id=51100, stack(0x00000046ba000000,0x00000046ba100000)]
  0x000001eb9584b1a0 JavaThread "HikariPool-1 housekeeper" daemon [_thread_blocked, id=43996, stack(0x00000046ba100000,0x00000046ba200000)]
  0x000001eb958511d0 JavaThread "HikariPool-1 connection adder" daemon [_thread_in_native, id=6216, stack(0x00000046bae00000,0x00000046baf00000)]
  0x000001eb9d22cf90 JavaThread "C2 CompilerThread1" daemon [_thread_in_native, id=44416, stack(0x00000046baf00000,0x00000046bb000000)]
=>0x000001eb9d22ba50 JavaThread "C2 CompilerThread2" daemon [_thread_in_native, id=47996, stack(0x00000046bb000000,0x00000046bb100000)]

Other Threads:
  0x000001eb4ea50240 VMThread "VM Thread" [stack: 0x00000046b9000000,0x00000046b9100000] [id=27256]
  0x000001eb90341390 WatcherThread [stack: 0x00000046b9f00000,0x00000046ba000000] [id=20400]
  0x000001eb2bbd56e0 GCTaskThread "GC Thread#0" [stack: 0x00000046b8b00000,0x00000046b8c00000] [id=46664]
  0x000001eb95afc9b0 GCTaskThread "GC Thread#1" [stack: 0x00000046ba200000,0x00000046ba300000] [id=32320]
  0x000001eb95afb3b0 GCTaskThread "GC Thread#2" [stack: 0x00000046ba300000,0x00000046ba400000] [id=52400]
  0x000001eb95afc170 GCTaskThread "GC Thread#3" [stack: 0x00000046ba400000,0x00000046ba500000] [id=16876]
  0x000001eb95afbeb0 GCTaskThread "GC Thread#4" [stack: 0x00000046ba500000,0x00000046ba600000] [id=27312]
  0x000001eb95afb670 GCTaskThread "GC Thread#5" [stack: 0x00000046ba600000,0x00000046ba700000] [id=5896]
  0x000001eb95afcc70 GCTaskThread "GC Thread#6" [stack: 0x00000046ba700000,0x00000046ba800000] [id=49184]
  0x000001eb95afc430 GCTaskThread "GC Thread#7" [stack: 0x00000046ba800000,0x00000046ba900000] [id=38192]
  0x000001eb95afb930 GCTaskThread "GC Thread#8" [stack: 0x00000046ba900000,0x00000046baa00000] [id=30348]
  0x000001eb95afbbf0 GCTaskThread "GC Thread#9" [stack: 0x00000046baa00000,0x00000046bab00000] [id=19480]
  0x000001eb2bbe7150 ConcurrentGCThread "G1 Main Marker" [stack: 0x00000046b8c00000,0x00000046b8d00000] [id=24824]
  0x000001eb2bbe7b70 ConcurrentGCThread "G1 Conc#0" [stack: 0x00000046b8d00000,0x00000046b8e00000] [id=40068]
  0x000001eb95daae40 ConcurrentGCThread "G1 Conc#1" [stack: 0x00000046bab00000,0x00000046bac00000] [id=38472]
  0x000001eb95da9b00 ConcurrentGCThread "G1 Conc#2" [stack: 0x00000046bad00000,0x00000046bae00000] [id=52944]
  0x000001eb4e98a410 ConcurrentGCThread "G1 Refine#0" [stack: 0x00000046b8e00000,0x00000046b8f00000] [id=38312]
  0x000001eb4e98ace0 ConcurrentGCThread "G1 Service" [stack: 0x00000046b8f00000,0x00000046b9000000] [id=50072]

Threads with active compile tasks:
C2 CompilerThread0    10364 5577   !   4       org.springframework.core.annotation.AnnotationsScanner::processMethodHierarchy (276 bytes)
C2 CompilerThread1    10365 5555       4       org.springframework.core.BridgeMethodResolver::resolveBridgeMethod (165 bytes)
C2 CompilerThread2    10365 5557   !   4       org.springframework.util.ReflectionUtils::doWithMethods (186 bytes)

VM state: not at safepoint (normal execution)

VM Mutex/Monitor currently owned by a thread: None

Heap address: 0x0000000704e00000, size: 4018 MB, Compressed Oops mode: Zero based, Oop shift amount: 3

CDS archive(s) mapped at: [0x000001eb4f000000-0x000001eb4fbb0000-0x000001eb4fbb0000), size 12255232, SharedBaseAddress: 0x000001eb4f000000, ArchiveRelocationMode: 1.
Compressed class space mapped at: 0x000001eb50000000-0x000001eb90000000, reserved size: 1073741824
Narrow klass base: 0x000001eb4f000000, Narrow klass shift: 0, Narrow klass range: 0x100000000

GC Precious Log:
 CPUs: 12 total, 12 available
 Memory: 16068M
 Large Page Support: Disabled
 NUMA Support: Disabled
 Compressed Oops: Enabled (Zero based)
 Heap Region Size: 2M
 Heap Min Capacity: 8M
 Heap Initial Capacity: 252M
 Heap Max Capacity: 4018M
 Pre-touch: Disabled
 Parallel Workers: 10
 Concurrent Workers: 3
 Concurrent Refinement Workers: 10
 Periodic GC: Disabled

Heap:
 garbage-first heap   total 75776K, used 32583K [0x0000000704e00000, 0x0000000800000000)
  region size 2048K, 6 young (12288K), 2 survivors (4096K)
 Metaspace       used 65769K, committed 66240K, reserved 1114112K
  class space    used 8574K, committed 8768K, reserved 1048576K

Heap Regions: E=young(eden), S=young(survivor), O=old, HS=humongous(starts), HC=humongous(continues), CS=collection set, F=free, OA=open archive, CA=closed archive, TAMS=top-at-mark-start (previous, next)
|   0|0x0000000704e00000, 0x0000000705000000, 0x0000000705000000|100%| O|  |TAMS 0x0000000705000000, 0x0000000704e00000| Untracked 
|   1|0x0000000705000000, 0x0000000705200000, 0x0000000705200000|100%| O|  |TAMS 0x0000000705200000, 0x0000000705000000| Untracked 
|   2|0x0000000705200000, 0x0000000705400000, 0x0000000705400000|100%| O|  |TAMS 0x0000000705400000, 0x0000000705200000| Untracked 
|   3|0x0000000705400000, 0x0000000705600000, 0x0000000705600000|100%| O|  |TAMS 0x0000000705600000, 0x0000000705400000| Untracked 
|   4|0x0000000705600000, 0x0000000705800000, 0x0000000705800000|100%| O|  |TAMS 0x0000000705800000, 0x0000000705600000| Untracked 
|   5|0x0000000705800000, 0x0000000705a00000, 0x0000000705a00000|100%| O|  |TAMS 0x0000000705a00000, 0x0000000705800000| Untracked 
|   6|0x0000000705a00000, 0x0000000705c00000, 0x0000000705c00000|100%| O|  |TAMS 0x0000000705c00000, 0x0000000705a00000| Untracked 
|   7|0x0000000705c00000, 0x0000000705dd1e00, 0x0000000705e00000| 90%| O|  |TAMS 0x0000000705dd1e00, 0x0000000705c00000| Untracked 
|   8|0x0000000705e00000, 0x0000000706000000, 0x0000000706000000|100%| O|  |TAMS 0x0000000706000000, 0x0000000705e00000| Untracked 
|   9|0x0000000706000000, 0x0000000706200000, 0x0000000706200000|100%| O|  |TAMS 0x00000007061c1800, 0x0000000706000000| Untracked 
|  10|0x0000000706200000, 0x0000000706400000, 0x0000000706400000|100%| O|  |TAMS 0x0000000706200000, 0x0000000706200000| Untracked 
|  11|0x0000000706400000, 0x0000000706400000, 0x0000000706600000|  0%| F|  |TAMS 0x0000000706400000, 0x0000000706400000| Untracked 
|  12|0x0000000706600000, 0x0000000706600000, 0x0000000706800000|  0%| F|  |TAMS 0x0000000706600000, 0x0000000706600000| Untracked 
|  13|0x0000000706800000, 0x0000000706800000, 0x0000000706a00000|  0%| F|  |TAMS 0x0000000706800000, 0x0000000706800000| Untracked 
|  14|0x0000000706a00000, 0x0000000706a00000, 0x0000000706c00000|  0%| F|  |TAMS 0x0000000706a00000, 0x0000000706a00000| Untracked 
|  15|0x0000000706c00000, 0x0000000706c00000, 0x0000000706e00000|  0%| F|  |TAMS 0x0000000706c00000, 0x0000000706c00000| Untracked 
|  16|0x0000000706e00000, 0x0000000706e00000, 0x0000000707000000|  0%| F|  |TAMS 0x0000000706e00000, 0x0000000706e00000| Untracked 
|  17|0x0000000707000000, 0x0000000707200000, 0x0000000707200000|100%| S|CS|TAMS 0x0000000707000000, 0x0000000707000000| Complete 
|  18|0x0000000707200000, 0x0000000707400000, 0x0000000707400000|100%| S|CS|TAMS 0x0000000707200000, 0x0000000707200000| Complete 
|  19|0x0000000707400000, 0x0000000707400000, 0x0000000707600000|  0%| F|  |TAMS 0x0000000707400000, 0x0000000707400000| Untracked 
|  20|0x0000000707600000, 0x0000000707600000, 0x0000000707800000|  0%| F|  |TAMS 0x0000000707600000, 0x0000000707600000| Untracked 
|  21|0x0000000707800000, 0x0000000707800000, 0x0000000707a00000|  0%| F|  |TAMS 0x0000000707800000, 0x0000000707800000| Untracked 
|  22|0x0000000707a00000, 0x0000000707a00000, 0x0000000707c00000|  0%| F|  |TAMS 0x0000000707a00000, 0x0000000707a00000| Untracked 
|  23|0x0000000707c00000, 0x0000000707c00000, 0x0000000707e00000|  0%| F|  |TAMS 0x0000000707c00000, 0x0000000707c00000| Untracked 
|  24|0x0000000707e00000, 0x0000000707e00000, 0x0000000708000000|  0%| F|  |TAMS 0x0000000707e00000, 0x0000000707e00000| Untracked 
|  25|0x0000000708000000, 0x0000000708000000, 0x0000000708200000|  0%| F|  |TAMS 0x0000000708000000, 0x0000000708000000| Untracked 
|  26|0x0000000708200000, 0x0000000708200000, 0x0000000708400000|  0%| F|  |TAMS 0x0000000708200000, 0x0000000708200000| Untracked 
|  27|0x0000000708400000, 0x0000000708400000, 0x0000000708600000|  0%| F|  |TAMS 0x0000000708400000, 0x0000000708400000| Untracked 
|  28|0x0000000708600000, 0x0000000708600000, 0x0000000708800000|  0%| F|  |TAMS 0x0000000708600000, 0x0000000708600000| Untracked 
|  29|0x0000000708800000, 0x0000000708800000, 0x0000000708a00000|  0%| F|  |TAMS 0x0000000708800000, 0x0000000708800000| Untracked 
|  30|0x0000000708a00000, 0x0000000708a00000, 0x0000000708c00000|  0%| F|  |TAMS 0x0000000708a00000, 0x0000000708a00000| Untracked 
|  31|0x0000000708c00000, 0x0000000708c00000, 0x0000000708e00000|  0%| F|  |TAMS 0x0000000708c00000, 0x0000000708c00000| Untracked 
|  32|0x0000000708e00000, 0x0000000708e00000, 0x0000000709000000|  0%| F|  |TAMS 0x0000000708e00000, 0x0000000708e00000| Untracked 
|  58|0x000000070c200000, 0x000000070c29a990, 0x000000070c400000| 30%| E|  |TAMS 0x000000070c200000, 0x000000070c200000| Complete 
|  59|0x000000070c400000, 0x000000070c600000, 0x000000070c600000|100%| E|CS|TAMS 0x000000070c400000, 0x000000070c400000| Complete 
|  60|0x000000070c600000, 0x000000070c800000, 0x000000070c800000|100%| E|CS|TAMS 0x000000070c600000, 0x000000070c600000| Complete 
| 125|0x0000000714800000, 0x0000000714a00000, 0x0000000714a00000|100%| E|CS|TAMS 0x0000000714800000, 0x0000000714800000| Complete 

Card table byte_map: [0x000001eb433c0000,0x000001eb43ba0000] _byte_map_base: 0x000001eb3fb99000

Marking Bits (Prev, Next): (CMBitMap*) 0x000001eb2bbd5d40, (CMBitMap*) 0x000001eb2bbd5d00
 Prev Bits: [0x000001eb48250000, 0x000001eb4c118000)
 Next Bits: [0x000001eb44380000, 0x000001eb48248000)

Polling page: 0x000001eb29ac0000

Metaspace:

Usage:
  Non-class:     55.87 MB used.
      Class:      8.37 MB used.
       Both:     64.24 MB used.

Virtual space:
  Non-class space:       64.00 MB reserved,      56.12 MB ( 88%) committed,  1 nodes.
      Class space:        1.00 GB reserved,       8.56 MB ( <1%) committed,  1 nodes.
             Both:        1.06 GB reserved,      64.69 MB (  6%) committed. 

Chunk freelists:
   Non-Class:  7.50 MB
       Class:  7.38 MB
        Both:  14.88 MB

MaxMetaspaceSize: unlimited
CompressedClassSpaceSize: 1.00 GB
Initial GC threshold: 21.00 MB
Current GC threshold: 98.25 MB
CDS: on
MetaspaceReclaimPolicy: balanced
 - commit_granule_bytes: 65536.
 - commit_granule_words: 8192.
 - virtual_space_node_default_size: 8388608.
 - enlarge_chunks_in_place: 1.
 - new_chunks_are_fully_committed: 0.
 - uncommit_free_chunks: 1.
 - use_allocation_guard: 0.
 - handle_deallocations: 1.


Internal statistics:

num_allocs_failed_limit: 9.
num_arena_births: 670.
num_arena_deaths: 0.
num_vsnodes_births: 2.
num_vsnodes_deaths: 0.
num_space_committed: 1035.
num_space_uncommitted: 0.
num_chunks_returned_to_freelist: 9.
num_chunks_taken_from_freelist: 2756.
num_chunk_merges: 9.
num_chunk_splits: 2007.
num_chunks_enlarged: 1599.
num_inconsistent_stats: 0.

CodeHeap 'non-profiled nmethods': size=120000Kb used=3525Kb max_used=3525Kb free=116474Kb
 bounds [0x000001eb3b160000, 0x000001eb3b4e0000, 0x000001eb42690000]
CodeHeap 'profiled nmethods': size=120000Kb used=9436Kb max_used=10263Kb free=110563Kb
 bounds [0x000001eb33690000, 0x000001eb340a0000, 0x000001eb3abc0000]
CodeHeap 'non-nmethods': size=5760Kb used=1412Kb max_used=1439Kb free=4347Kb
 bounds [0x000001eb3abc0000, 0x000001eb3ae30000, 0x000001eb3b160000]
 total_blobs=5568 nmethods=4893 adapters=587
 compilation: enabled
              stopped_count=0, restarted_count=0
 full_count=0

Compilation events (20 events):
Event: 10.140 Thread 0x000001eb4ea728f0 nmethod 5677 0x000001eb339e0390 code [0x000001eb339e0560, 0x000001eb339e09f8]
Event: 10.140 Thread 0x000001eb4ea728f0 5675       3       java.lang.invoke.VarHandleLongs$Array::setRelease (46 bytes)
Event: 10.140 Thread 0x000001eb4ea728f0 nmethod 5675 0x000001eb336dbb10 code [0x000001eb336dbce0, 0x000001eb336dc178]
Event: 10.140 Thread 0x000001eb4ea728f0 5676       3       java.lang.reflect.Field::getGenericType (20 bytes)
Event: 10.141 Thread 0x000001eb4ea728f0 nmethod 5676 0x000001eb33799610 code [0x000001eb33799900, 0x000001eb3379ae48]
Event: 10.141 Thread 0x000001eb4ea728f0 5678       1       java.lang.Thread::getId (5 bytes)
Event: 10.141 Thread 0x000001eb4ea728f0 nmethod 5678 0x000001eb3b4d0590 code [0x000001eb3b4d0720, 0x000001eb3b4d07f8]
Event: 10.141 Thread 0x000001eb4ea728f0 5679       1       org.springframework.util.ConcurrentLruCache$Node::setNext (6 bytes)
Event: 10.142 Thread 0x000001eb4ea728f0 nmethod 5679 0x000001eb3b4d0890 code [0x000001eb3b4d0a20, 0x000001eb3b4d0b38]
Event: 10.142 Thread 0x000001eb4ea728f0 5680       1       org.springframework.util.ConcurrentLruCache$Node::setPrevious (6 bytes)
Event: 10.142 Thread 0x000001eb4ea728f0 nmethod 5680 0x000001eb3b4d0b90 code [0x000001eb3b4d0d20, 0x000001eb3b4d0e38]
Event: 10.142 Thread 0x000001eb4ea728f0 5681       1       sun.reflect.generics.reflectiveObjects.ParameterizedTypeImpl::getOwnerType (5 bytes)
Event: 10.143 Thread 0x000001eb4ea728f0 nmethod 5681 0x000001eb3b4d0e90 code [0x000001eb3b4d1020, 0x000001eb3b4d10f8]
Event: 10.185 Thread 0x000001eb4ea728f0 5682       3       javax.crypto.Cipher::checkCipherState (53 bytes)
Event: 10.186 Thread 0x000001eb4ea728f0 nmethod 5682 0x000001eb33798e10 code [0x000001eb33799000, 0x000001eb33799498]
Event: 10.186 Thread 0x000001eb4ea728f0 5687       3       java.util.Random::nextInt (74 bytes)
Event: 10.340 Thread 0x000001eb4ea728f0 nmethod 5687 0x000001eb33798510 code [0x000001eb33798700, 0x000001eb33798c28]
Event: 10.340 Thread 0x000001eb4ea728f0 5683       3       com.sun.crypto.provider.GaloisCounterMode::expandToOneBlock (67 bytes)
Event: 10.340 Thread 0x000001eb4ea728f0 nmethod 5683 0x000001eb336dac90 code [0x000001eb336daf00, 0x000001eb336db7f8]
Event: 10.340 Thread 0x000001eb4ea728f0 5684       3       com.sun.crypto.provider.GCTR::<init> (69 bytes)

GC Heap History (20 events):
Event: 1.944 GC heap before
{Heap before GC invocations=2 (full 0):
 garbage-first heap   total 258048K, used 45357K [0x0000000704e00000, 0x0000000800000000)
  region size 2048K, 20 young (40960K), 1 survivors (2048K)
 Metaspace       used 21328K, committed 21504K, reserved 1114112K
  class space    used 2464K, committed 2560K, reserved 1048576K
}
Event: 1.949 GC heap after
{Heap after GC invocations=3 (full 0):
 garbage-first heap   total 258048K, used 11859K [0x0000000704e00000, 0x0000000800000000)
  region size 2048K, 3 young (6144K), 3 survivors (6144K)
 Metaspace       used 21328K, committed 21504K, reserved 1114112K
  class space    used 2464K, committed 2560K, reserved 1048576K
}
Event: 2.426 GC heap before
{Heap before GC invocations=4 (full 0):
 garbage-first heap   total 55296K, used 36435K [0x0000000704e00000, 0x0000000800000000)
  region size 2048K, 16 young (32768K), 3 survivors (6144K)
 Metaspace       used 23786K, committed 24064K, reserved 1114112K
  class space    used 2749K, committed 2880K, reserved 1048576K
}
Event: 2.432 GC heap after
{Heap after GC invocations=5 (full 0):
 garbage-first heap   total 55296K, used 13965K [0x0000000704e00000, 0x0000000800000000)
  region size 2048K, 2 young (4096K), 2 survivors (4096K)
 Metaspace       used 23786K, committed 24064K, reserved 1114112K
  class space    used 2749K, committed 2880K, reserved 1048576K
}
Event: 2.473 GC heap before
{Heap before GC invocations=5 (full 0):
 garbage-first heap   total 55296K, used 16013K [0x0000000704e00000, 0x0000000800000000)
  region size 2048K, 3 young (6144K), 2 survivors (4096K)
 Metaspace       used 23857K, committed 24128K, reserved 1114112K
  class space    used 2757K, committed 2880K, reserved 1048576K
}
Event: 2.477 GC heap after
{Heap after GC invocations=6 (full 0):
 garbage-first heap   total 55296K, used 14640K [0x0000000704e00000, 0x0000000800000000)
  region size 2048K, 1 young (2048K), 1 survivors (2048K)
 Metaspace       used 23857K, committed 24128K, reserved 1114112K
  class space    used 2757K, committed 2880K, reserved 1048576K
}
Event: 2.920 GC heap before
{Heap before GC invocations=6 (full 0):
 garbage-first heap   total 55296K, used 33072K [0x0000000704e00000, 0x0000000800000000)
  region size 2048K, 11 young (22528K), 1 survivors (2048K)
 Metaspace       used 26637K, committed 27008K, reserved 1114112K
  class space    used 3089K, committed 3264K, reserved 1048576K
}
Event: 2.925 GC heap after
{Heap after GC invocations=7 (full 0):
 garbage-first heap   total 55296K, used 15628K [0x0000000704e00000, 0x0000000800000000)
  region size 2048K, 1 young (2048K), 1 survivors (2048K)
 Metaspace       used 26637K, committed 27008K, reserved 1114112K
  class space    used 3089K, committed 3264K, reserved 1048576K
}
Event: 3.635 GC heap before
{Heap before GC invocations=7 (full 0):
 garbage-first heap   total 55296K, used 38156K [0x0000000704e00000, 0x0000000800000000)
  region size 2048K, 12 young (24576K), 1 survivors (2048K)
 Metaspace       used 29974K, committed 30400K, reserved 1114112K
  class space    used 3564K, committed 3776K, reserved 1048576K
}
Event: 3.643 GC heap after
{Heap after GC invocations=8 (full 0):
 garbage-first heap   total 157696K, used 17517K [0x0000000704e00000, 0x0000000800000000)
  region size 2048K, 2 young (4096K), 2 survivors (4096K)
 Metaspace       used 29974K, committed 30400K, reserved 1114112K
  class space    used 3564K, committed 3776K, reserved 1048576K
}
Event: 4.502 GC heap before
{Heap before GC invocations=8 (full 0):
 garbage-first heap   total 157696K, used 48237K [0x0000000704e00000, 0x0000000800000000)
  region size 2048K, 18 young (36864K), 2 survivors (4096K)
 Metaspace       used 35696K, committed 36096K, reserved 1114112K
  class space    used 4326K, committed 4544K, reserved 1048576K
}
Event: 4.510 GC heap after
{Heap after GC invocations=9 (full 0):
 garbage-first heap   total 157696K, used 20051K [0x0000000704e00000, 0x0000000800000000)
  region size 2048K, 3 young (6144K), 3 survivors (6144K)
 Metaspace       used 35696K, committed 36096K, reserved 1114112K
  class space    used 4326K, committed 4544K, reserved 1048576K
}
Event: 6.200 GC heap before
{Heap before GC invocations=10 (full 0):
 garbage-first heap   total 75776K, used 58963K [0x0000000704e00000, 0x0000000800000000)
  region size 2048K, 22 young (45056K), 3 survivors (6144K)
 Metaspace       used 47155K, committed 47616K, reserved 1114112K
  class space    used 5871K, committed 6080K, reserved 1048576K
}
Event: 6.211 GC heap after
{Heap after GC invocations=11 (full 0):
 garbage-first heap   total 75776K, used 22368K [0x0000000704e00000, 0x0000000800000000)
  region size 2048K, 3 young (6144K), 3 survivors (6144K)
 Metaspace       used 47155K, committed 47616K, reserved 1114112K
  class space    used 5871K, committed 6080K, reserved 1048576K
}
Event: 7.196 GC heap before
{Heap before GC invocations=11 (full 0):
 garbage-first heap   total 75776K, used 55136K [0x0000000704e00000, 0x0000000800000000)
  region size 2048K, 19 young (38912K), 3 survivors (6144K)
 Metaspace       used 54062K, committed 54464K, reserved 1114112K
  class space    used 6739K, committed 6912K, reserved 1048576K
}
Event: 7.205 GC heap after
{Heap after GC invocations=12 (full 0):
 garbage-first heap   total 75776K, used 23946K [0x0000000704e00000, 0x0000000800000000)
  region size 2048K, 2 young (4096K), 2 survivors (4096K)
 Metaspace       used 54062K, committed 54464K, reserved 1114112K
  class space    used 6739K, committed 6912K, reserved 1048576K
}
Event: 7.631 GC heap before
{Heap before GC invocations=12 (full 0):
 garbage-first heap   total 75776K, used 44426K [0x0000000704e00000, 0x0000000800000000)
  region size 2048K, 14 young (28672K), 2 survivors (4096K)
 Metaspace       used 59867K, committed 60288K, reserved 1114112K
  class space    used 7729K, committed 7936K, reserved 1048576K
}
Event: 7.637 GC heap after
{Heap after GC invocations=13 (full 0):
 garbage-first heap   total 75776K, used 24775K [0x0000000704e00000, 0x0000000800000000)
  region size 2048K, 2 young (4096K), 2 survivors (4096K)
 Metaspace       used 59867K, committed 60288K, reserved 1114112K
  class space    used 7729K, committed 7936K, reserved 1048576K
}
Event: 9.998 GC heap before
{Heap before GC invocations=14 (full 0):
 garbage-first heap   total 75776K, used 57543K [0x0000000704e00000, 0x0000000800000000)
  region size 2048K, 18 young (36864K), 2 survivors (4096K)
 Metaspace       used 64959K, committed 65472K, reserved 1114112K
  class space    used 8429K, committed 8640K, reserved 1048576K
}
Event: 10.007 GC heap after
{Heap after GC invocations=15 (full 0):
 garbage-first heap   total 75776K, used 26439K [0x0000000704e00000, 0x0000000800000000)
  region size 2048K, 2 young (4096K), 2 survivors (4096K)
 Metaspace       used 64959K, committed 65472K, reserved 1114112K
  class space    used 8429K, committed 8640K, reserved 1048576K
}

Dll operation events (13 events):
Event: 0.015 Loaded shared library C:\Users\jelen\.gradle\jdks\eclipse_adoptium-17-amd64-windows.2\bin\java.dll
Event: 0.016 Loaded shared library C:\Users\jelen\.gradle\jdks\eclipse_adoptium-17-amd64-windows.2\bin\zip.dll
Event: 0.031 Loaded shared library C:\Users\jelen\.gradle\jdks\eclipse_adoptium-17-amd64-windows.2\bin\jsvml.dll
Event: 0.206 Loaded shared library C:\Users\jelen\.gradle\jdks\eclipse_adoptium-17-amd64-windows.2\bin\instrument.dll
Event: 0.259 Loaded shared library C:\Users\jelen\.gradle\jdks\eclipse_adoptium-17-amd64-windows.2\bin\net.dll
Event: 0.260 Loaded shared library C:\Users\jelen\.gradle\jdks\eclipse_adoptium-17-amd64-windows.2\bin\nio.dll
Event: 0.271 Loaded shared library C:\Users\jelen\.gradle\jdks\eclipse_adoptium-17-amd64-windows.2\bin\zip.dll
Event: 0.390 Loaded shared library C:\Users\jelen\.gradle\jdks\eclipse_adoptium-17-amd64-windows.2\bin\jimage.dll
Event: 1.912 Loaded shared library C:\Users\jelen\.gradle\jdks\eclipse_adoptium-17-amd64-windows.2\bin\sunmscapi.dll
Event: 4.195 Loaded shared library C:\Users\jelen\.gradle\jdks\eclipse_adoptium-17-amd64-windows.2\bin\management.dll
Event: 4.199 Loaded shared library C:\Users\jelen\.gradle\jdks\eclipse_adoptium-17-amd64-windows.2\bin\management_ext.dll
Event: 4.989 Loaded shared library C:\Users\jelen\.gradle\jdks\eclipse_adoptium-17-amd64-windows.2\bin\verify.dll
Event: 5.339 Loaded shared library C:\Users\jelen\.gradle\jdks\eclipse_adoptium-17-amd64-windows.2\bin\extnet.dll

Deoptimization events (20 events):
Event: 10.102 Thread 0x000001eb2bb680b0 DEOPT PACKING pc=0x000001eb3b2ab6d4 sp=0x00000046b8afb160
Event: 10.102 Thread 0x000001eb2bb680b0 DEOPT UNPACKING pc=0x000001eb3ac169a3 sp=0x00000046b8afb0c8 mode 2
Event: 10.104 Thread 0x000001eb2bb680b0 Uncommon trap: trap_request=0xffffffde fr.pc=0x000001eb3b377680 relative=0x0000000000000b20
Event: 10.104 Thread 0x000001eb2bb680b0 Uncommon trap: reason=class_check action=maybe_recompile pc=0x000001eb3b377680 method=org.springframework.util.ConcurrentReferenceHashMap$Segment.findInChain(Lorg/springframework/util/ConcurrentReferenceHashMap$Reference;Ljava/lang/Object;I)Lorg/springfra
Event: 10.104 Thread 0x000001eb2bb680b0 DEOPT PACKING pc=0x000001eb3b377680 sp=0x00000046b8afaf90
Event: 10.104 Thread 0x000001eb2bb680b0 DEOPT UNPACKING pc=0x000001eb3ac169a3 sp=0x00000046b8afaf28 mode 2
Event: 10.104 Thread 0x000001eb2bb680b0 Uncommon trap: trap_request=0xffffffde fr.pc=0x000001eb3b28a0a8 relative=0x0000000000000108
Event: 10.104 Thread 0x000001eb2bb680b0 Uncommon trap: reason=class_check action=maybe_recompile pc=0x000001eb3b28a0a8 method=org.springframework.util.ConcurrentReferenceHashMap.get(Ljava/lang/Object;)Ljava/lang/Object; @ 14 c2
Event: 10.104 Thread 0x000001eb2bb680b0 DEOPT PACKING pc=0x000001eb3b28a0a8 sp=0x00000046b8afb100
Event: 10.104 Thread 0x000001eb2bb680b0 DEOPT UNPACKING pc=0x000001eb3ac169a3 sp=0x00000046b8afb0c0 mode 2
Event: 10.104 Thread 0x000001eb2bb680b0 Uncommon trap: trap_request=0xffffffde fr.pc=0x000001eb3b3743f8 relative=0x0000000000000538
Event: 10.104 Thread 0x000001eb2bb680b0 Uncommon trap: reason=class_check action=maybe_recompile pc=0x000001eb3b3743f8 method=org.springframework.util.ConcurrentReferenceHashMap$Segment.findInChain(Lorg/springframework/util/ConcurrentReferenceHashMap$Reference;Ljava/lang/Object;I)Lorg/springfra
Event: 10.104 Thread 0x000001eb2bb680b0 DEOPT PACKING pc=0x000001eb3b3743f8 sp=0x00000046b8afaf20
Event: 10.104 Thread 0x000001eb2bb680b0 DEOPT UNPACKING pc=0x000001eb3ac169a3 sp=0x00000046b8afaf28 mode 2
Event: 10.119 Thread 0x000001eb958511d0 DEOPT PACKING pc=0x000001eb336c1387 sp=0x00000046baefe420
Event: 10.119 Thread 0x000001eb958511d0 DEOPT UNPACKING pc=0x000001eb3ac17143 sp=0x00000046baefd890 mode 1
Event: 10.156 Thread 0x000001eb2bb680b0 DEOPT PACKING pc=0x000001eb3b36c154 sp=0x00000046b8afab40
Event: 10.156 Thread 0x000001eb2bb680b0 DEOPT UNPACKING pc=0x000001eb3ac17143 sp=0x00000046b8af9fb8 mode 1
Event: 10.156 Thread 0x000001eb2bb680b0 DEOPT PACKING pc=0x000001eb33a4cf8c sp=0x00000046b8afab80
Event: 10.156 Thread 0x000001eb2bb680b0 DEOPT UNPACKING pc=0x000001eb3ac17143 sp=0x00000046b8afa1e0 mode 1

Classes loaded (20 events):
Event: 10.172 Loading class org/springframework/data/jpa/repository/support/JpaEntityInformation
Event: 10.172 Loading class org/springframework/data/jpa/repository/support/JpaEntityInformation done
Event: 10.172 Loading class org/springframework/data/jpa/repository/query/JpaEntityMetadata
Event: 10.172 Loading class org/springframework/data/jpa/repository/query/JpaEntityMetadata done
Event: 10.172 Loading class org/springframework/data/repository/core/support/AbstractEntityInformation
Event: 10.172 Loading class org/springframework/data/repository/core/support/AbstractEntityInformation done
Event: 10.173 Loading class org/springframework/data/domain/Persistable
Event: 10.173 Loading class org/springframework/data/domain/Persistable done
Event: 10.174 Loading class org/springframework/data/jpa/repository/support/JpaMetamodelEntityInformation
Event: 10.174 Loading class org/springframework/data/jpa/repository/support/JpaMetamodelEntityInformation done
Event: 10.175 Loading class org/springframework/data/jpa/repository/query/DefaultJpaEntityMetadata
Event: 10.175 Loading class org/springframework/data/jpa/repository/query/DefaultJpaEntityMetadata done
Event: 10.175 Loading class org/springframework/data/jpa/repository/support/JpaMetamodelEntityInformation$IdMetadata
Event: 10.175 Loading class org/springframework/data/jpa/repository/support/JpaMetamodelEntityInformation$IdMetadata done
Event: 10.176 Loading class org/springframework/data/jpa/domain/Specification
Event: 10.176 Loading class org/springframework/data/jpa/domain/Specification done
Event: 10.177 Loading class jakarta/persistence/NoResultException
Event: 10.177 Loading class jakarta/persistence/NoResultException done
Event: 10.182 Loading class org/springframework/data/repository/core/support/RepositoryFragment$ImplementedRepositoryFragment
Event: 10.182 Loading class org/springframework/data/repository/core/support/RepositoryFragment$ImplementedRepositoryFragment done

Classes unloaded (0 events):
No events

Classes redefined (1 events):
Event: 0.231 Thread 0x000001eb4ea50240 redefined class name=java.lang.Throwable, count=1

Internal exceptions (20 events):
Event: 7.818 Thread 0x000001eb2bb680b0 Exception <a 'java/lang/NoSuchMethodError'{0x000000070c3c9b98}: 'java.lang.Object java.lang.invoke.DirectMethodHandle$Holder.newInvokeSpecial(java.lang.Object, java.lang.Object, java.lang.Object, java.lang.Object, java.lang.Object, java.lang.Object)'> (0x000000070c3c9b98) 
thrown [s\src\hotspot\share\interpreter\linkResolver.cpp, line 759]
Event: 7.822 Thread 0x000001eb2bb680b0 Exception <a 'java/lang/NoSuchMethodError'{0x000000070c3dc178}: 'int java.lang.invoke.DirectMethodHandle$Holder.invokeStatic(java.lang.Object, java.lang.Object, java.lang.Object, java.lang.Object, java.lang.Object)'> (0x000000070c3dc178) 
thrown [s\src\hotspot\share\interpreter\linkResolver.cpp, line 759]
Event: 7.851 Thread 0x000001eb2bb680b0 Exception <a 'java/lang/NoSuchMethodError'{0x0000000708ec9088}: 'void java.lang.invoke.DirectMethodHandle$Holder.invokeInterface(java.lang.Object, java.lang.Object, int, java.lang.Object)'> (0x0000000708ec9088) 
thrown [s\src\hotspot\share\interpreter\linkResolver.cpp, line 759]
Event: 7.855 Thread 0x000001eb2bb680b0 Exception <a 'java/lang/NoSuchMethodError'{0x0000000708ef5078}: 'java.lang.Object java.lang.invoke.DirectMethodHandle$Holder.newInvokeSpecial(java.lang.Object, java.lang.Object, int, java.lang.Object)'> (0x0000000708ef5078) 
thrown [s\src\hotspot\share\interpreter\linkResolver.cpp, line 759]
Event: 7.855 Thread 0x000001eb2bb680b0 Exception <a 'java/lang/NoSuchMethodError'{0x0000000708ef9498}: 'java.lang.Object java.lang.invoke.Invokers$Holder.linkToTargetMethod(java.lang.Object, int, java.lang.Object, java.lang.Object)'> (0x0000000708ef9498) 
thrown [s\src\hotspot\share\interpreter\linkResolver.cpp, line 759]
Event: 7.863 Thread 0x000001eb2bb680b0 Exception <a 'java/lang/NoSuchMethodError'{0x0000000708fac3e0}: 'java.lang.Object java.lang.invoke.DirectMethodHandle$Holder.newInvokeSpecial(java.lang.Object, java.lang.Object, int)'> (0x0000000708fac3e0) 
thrown [s\src\hotspot\share\interpreter\linkResolver.cpp, line 759]
Event: 7.880 Thread 0x000001eb2bb680b0 Exception <a 'java/lang/NoSuchMethodError'{0x0000000708d59678}: 'int java.lang.invoke.DirectMethodHandle$Holder.invokeStatic(java.lang.Object, int, java.lang.Object)'> (0x0000000708d59678) 
thrown [s\src\hotspot\share\interpreter\linkResolver.cpp, line 759]
Event: 7.882 Thread 0x000001eb2bb680b0 Exception <a 'java/lang/NoSuchMethodError'{0x0000000708d7ce60}: 'java.lang.Object java.lang.invoke.DirectMethodHandle$Holder.newInvokeSpecial(java.lang.Object, java.lang.Object, java.lang.Object, java.lang.Object, java.lang.Object, int, java.lang.Object)'> (0x0000000708d7ce60) 
thrown [s\src\hotspot\share\interpreter\linkResolver.cpp, line 759]
Event: 7.887 Thread 0x000001eb2bb680b0 Exception <a 'java/lang/NoSuchMethodError'{0x0000000708db7a50}: 'java.lang.Object java.lang.invoke.DirectMethodHandle$Holder.newInvokeSpecial(java.lang.Object, java.lang.Object, java.lang.Object, java.lang.Object, java.lang.Object, java.lang.Object, java.lang.Object, java.lang.Object, java.lang.Object, java.lang.Object, java.lang.Object, java.lang.Object)'> (0x0000000708db7a50) 
thrown [s\src\hotspot\share\interpreter\linkResolver.cpp, line 759]
Event: 7.888 Thread 0x000001eb2bb680b0 Exception <a 'java/lang/NoSuchMethodError'{0x0000000708dbcd40}: 'java.lang.Object java.lang.invoke.DirectMethodHandle$Holder.invokeSpecial(java.lang.Object, java.lang.Object, java.lang.Object, java.lang.Object, java.lang.Object, java.lang.Object, java.lang.Object, java.lang.Object, java.lang.Object, java.lang.Object, java.lang.Object, java.lang.Object, java.lang.Object)'> (0x0000000708dbcd40) 
thrown [s\src\hotspot\share\interpreter\linkResolver.cpp, line 759]
Event: 7.889 Thread 0x000001eb2bb680b0 Exception <a 'java/lang/NoSuchMethodError'{0x0000000708dc1cb0}: 'java.lang.Object java.lang.invoke.Invokers$Holder.linkToTargetMethod(java.lang.Object, java.lang.Object, java.lang.Object, java.lang.Object, java.lang.Object, java.lang.Object, java.lang.Object, java.lang.Object, java.lang.Object, java.lang.Object, java.lang.Object, java.lang.Object)'> (0x0000000708dc1cb0) 
thrown [s\src\hotspot\share\interpreter\linkResolver.cpp, line 759]
Event: 7.957 Thread 0x000001eb2bb680b0 Exception <a 'java/lang/NoSuchMethodError'{0x0000000708861b60}: 'java.lang.Object java.lang.invoke.DirectMethodHandle$Holder.newInvokeSpecial(java.lang.Object, java.lang.Object, int, java.lang.Object, int, java.lang.Object, java.lang.Object)'> (0x0000000708861b60) 
thrown [s\src\hotspot\share\interpreter\linkResolver.cpp, line 759]
Event: 7.963 Thread 0x000001eb2bb680b0 Exception <a 'java/lang/NoSuchMethodError'{0x00000007088d9e60}: 'java.lang.Object java.lang.invoke.DirectMethodHandle$Holder.newInvokeSpecial(java.lang.Object, java.lang.Object, java.lang.Object, java.lang.Object, java.lang.Object, java.lang.Object, java.lang.Object, int)'> (0x00000007088d9e60) 
thrown [s\src\hotspot\share\interpreter\linkResolver.cpp, line 759]
Event: 7.963 Thread 0x000001eb2bb680b0 Exception <a 'java/lang/NoSuchMethodError'{0x00000007088df6b0}: 'java.lang.Object java.lang.invoke.DirectMethodHandle$Holder.invokeSpecial(java.lang.Object, java.lang.Object, java.lang.Object, java.lang.Object, java.lang.Object, java.lang.Object, java.lang.Object, java.lang.Object, int)'> (0x00000007088df6b0) 
thrown [s\src\hotspot\share\interpreter\linkResolver.cpp, line 759]
Event: 7.963 Thread 0x000001eb2bb680b0 Exception <a 'java/lang/NoSuchMethodError'{0x00000007088e49d0}: 'java.lang.Object java.lang.invoke.Invokers$Holder.linkToTargetMethod(java.lang.Object, java.lang.Object, java.lang.Object, java.lang.Object, java.lang.Object, java.lang.Object, int, java.lang.Object)'> (0x00000007088e49d0) 
thrown [s\src\hotspot\share\interpreter\linkResolver.cpp, line 759]
Event: 7.984 Thread 0x000001eb2bb680b0 Exception <a 'java/lang/NoSuchMethodError'{0x00000007089da5b8}: 'void java.lang.invoke.DirectMethodHandle$Holder.invokeInterface(java.lang.Object, java.lang.Object)'> (0x00000007089da5b8) 
thrown [s\src\hotspot\share\interpreter\linkResolver.cpp, line 759]
Event: 8.574 Thread 0x000001eb2bb680b0 Exception <a 'java/lang/NoSuchMethodError'{0x000000070832b408}: 'java.lang.Object java.lang.invoke.DirectMethodHandle$Holder.invokeSpecial(java.lang.Object, java.lang.Object, int, java.lang.Object, int)'> (0x000000070832b408) 
thrown [s\src\hotspot\share\interpreter\linkResolver.cpp, line 759]
Event: 9.860 Thread 0x000001eb2bb680b0 Exception <a 'java/lang/IncompatibleClassChangeError'{0x00000007078ab9c8}: Found class java.lang.Object, but interface was expected> (0x00000007078ab9c8) 
thrown [s\src\hotspot\share\interpreter\linkResolver.cpp, line 826]
Event: 9.877 Thread 0x000001eb2bb680b0 Exception <a 'java/lang/IncompatibleClassChangeError'{0x000000070795b2c8}: Found class java.lang.Object, but interface was expected> (0x000000070795b2c8) 
thrown [s\src\hotspot\share\interpreter\linkResolver.cpp, line 826]
Event: 9.934 Thread 0x000001eb2bb680b0 Exception <a 'java/lang/IncompatibleClassChangeError'{0x000000070770a948}: Found class java.lang.Object, but interface was expected> (0x000000070770a948) 
thrown [s\src\hotspot\share\interpreter\linkResolver.cpp, line 826]

VM Operations (20 events):
Event: 7.078 Executing VM operation: HandshakeAllThreads
Event: 7.078 Executing VM operation: HandshakeAllThreads done
Event: 7.196 Executing VM operation: G1CollectForAllocation
Event: 7.205 Executing VM operation: G1CollectForAllocation done
Event: 7.631 Executing VM operation: CollectForMetadataAllocation
Event: 7.637 Executing VM operation: CollectForMetadataAllocation done
Event: 7.647 Executing VM operation: G1PauseRemark
Event: 7.651 Executing VM operation: G1PauseRemark done
Event: 7.657 Executing VM operation: G1PauseCleanup
Event: 7.657 Executing VM operation: G1PauseCleanup done
Event: 8.046 Executing VM operation: HandshakeAllThreads
Event: 8.046 Executing VM operation: HandshakeAllThreads done
Event: 9.054 Executing VM operation: Cleanup
Event: 9.054 Executing VM operation: Cleanup done
Event: 9.814 Executing VM operation: HandshakeAllThreads
Event: 9.814 Executing VM operation: HandshakeAllThreads done
Event: 9.998 Executing VM operation: G1CollectForAllocation
Event: 10.007 Executing VM operation: G1CollectForAllocation done
Event: 10.090 Executing VM operation: HandshakeAllThreads
Event: 10.090 Executing VM operation: HandshakeAllThreads done

Memory protections (0 events):
No events

Nmethod flushes (20 events):
Event: 7.083 Thread 0x000001eb4ea732f0 flushing  nmethod 0x000001eb33fc9f10
Event: 7.083 Thread 0x000001eb4ea732f0 flushing  nmethod 0x000001eb33fcd810
Event: 7.083 Thread 0x000001eb4ea732f0 flushing  nmethod 0x000001eb33fcee90
Event: 7.083 Thread 0x000001eb4ea732f0 flushing  nmethod 0x000001eb33fd5d10
Event: 7.083 Thread 0x000001eb4ea732f0 flushing  nmethod 0x000001eb33fd9710
Event: 7.083 Thread 0x000001eb4ea732f0 flushing  nmethod 0x000001eb33fe6990
Event: 7.083 Thread 0x000001eb4ea732f0 flushing  nmethod 0x000001eb33fea690
Event: 7.083 Thread 0x000001eb4ea732f0 flushing  nmethod 0x000001eb33feaa90
Event: 7.083 Thread 0x000001eb4ea732f0 flushing  nmethod 0x000001eb33fed790
Event: 7.083 Thread 0x000001eb4ea732f0 flushing  nmethod 0x000001eb33feeb10
Event: 7.083 Thread 0x000001eb4ea732f0 flushing  nmethod 0x000001eb33ff0190
Event: 7.083 Thread 0x000001eb4ea732f0 flushing  nmethod 0x000001eb33ff1590
Event: 7.083 Thread 0x000001eb4ea732f0 flushing  nmethod 0x000001eb33ff2990
Event: 7.083 Thread 0x000001eb4ea732f0 flushing  nmethod 0x000001eb33ff3390
Event: 7.083 Thread 0x000001eb4ea732f0 flushing osr nmethod 0x000001eb33fffb10
Event: 7.083 Thread 0x000001eb4ea732f0 flushing  nmethod 0x000001eb34003010
Event: 7.083 Thread 0x000001eb4ea732f0 flushing  nmethod 0x000001eb34053910
Event: 7.083 Thread 0x000001eb4ea732f0 flushing  nmethod 0x000001eb34058a10
Event: 7.083 Thread 0x000001eb4ea732f0 flushing  nmethod 0x000001eb34060a90
Event: 7.083 Thread 0x000001eb4ea732f0 flushing  nmethod 0x000001eb34061c90

Events (20 events):
Event: 0.285 Thread 0x000001eb4ea728f0 Thread added: 0x000001eb904a8900
Event: 1.378 Thread 0x000001eb2bb680b0 Thread added: 0x000001eb963eae50
Event: 1.485 Thread 0x000001eb904a8900 Thread exited: 0x000001eb904a8900
Event: 1.793 Thread 0x000001eb4ea728f0 Thread added: 0x000001eb9617a3b0
Event: 1.933 Thread 0x000001eb2bb680b0 Thread added: 0x000001eb963eeb10
Event: 1.934 Thread 0x000001eb963eae50 Thread exited: 0x000001eb963eae50
Event: 1.982 Thread 0x000001eb963eeb10 Thread exited: 0x000001eb963eeb10
Event: 5.424 Thread 0x000001eb9617a3b0 Thread exited: 0x000001eb9617a3b0
Event: 5.926 Thread 0x000001eb904cb2d0 Thread exited: 0x000001eb904cb2d0
Event: 5.952 Thread 0x000001eb4ea728f0 Thread added: 0x000001eb9617a3b0
Event: 6.193 Thread 0x000001eb9617a3b0 Thread exited: 0x000001eb9617a3b0
Event: 6.218 Thread 0x000001eb2bb680b0 Thread added: 0x000001eb9584da20
Event: 6.360 Thread 0x000001eb2bb680b0 Thread added: 0x000001eb9584b1a0
Event: 6.475 Thread 0x000001eb9584b1a0 Thread added: 0x000001eb958511d0
Event: 6.610 Thread 0x000001eb4ea728f0 Thread added: 0x000001eb9d3f4e30
Event: 7.695 Thread 0x000001eb4ea728f0 Thread added: 0x000001eb97aa1810
Event: 8.114 Thread 0x000001eb97aa1810 Thread exited: 0x000001eb97aa1810
Event: 8.157 Thread 0x000001eb9d3f4e30 Thread exited: 0x000001eb9d3f4e30
Event: 9.811 Thread 0x000001eb4ea728f0 Thread added: 0x000001eb9d22cf90
Event: 9.812 Thread 0x000001eb4ea728f0 Thread added: 0x000001eb9d22ba50


Dynamic libraries:
0x00007ff66e780000 - 0x00007ff66e78e000 	C:\Users\jelen\.gradle\jdks\eclipse_adoptium-17-amd64-windows.2\bin\java.exe
0x00007ffef5ee0000 - 0x00007ffef6147000 	C:\Windows\SYSTEM32\ntdll.dll
0x00007ffef5070000 - 0x00007ffef5139000 	C:\Windows\System32\KERNEL32.DLL
0x00007ffef2940000 - 0x00007ffef2d31000 	C:\Windows\System32\KERNELBASE.dll
0x00007ffef3000000 - 0x00007ffef314b000 	C:\Windows\System32\ucrtbase.dll
0x00007ffee0570000 - 0x00007ffee058e000 	C:\Users\jelen\.gradle\jdks\eclipse_adoptium-17-amd64-windows.2\bin\VCRUNTIME140.dll
0x00007ffeedd40000 - 0x00007ffeedd57000 	C:\Users\jelen\.gradle\jdks\eclipse_adoptium-17-amd64-windows.2\bin\jli.dll
0x00007ffef3cf0000 - 0x00007ffef3eb5000 	C:\Windows\System32\USER32.dll
0x00007ffef2fd0000 - 0x00007ffef2ff7000 	C:\Windows\System32\win32u.dll
0x00007ffedc2f0000 - 0x00007ffedc583000 	C:\Windows\WinSxS\amd64_microsoft.windows.common-controls_6595b64144ccf1df_6.0.26100.8037_none_3e092faae333b53b\COMCTL32.dll
0x00007ffef59c0000 - 0x00007ffef59eb000 	C:\Windows\System32\GDI32.dll
0x00007ffef4fc0000 - 0x00007ffef5069000 	C:\Windows\System32\msvcrt.dll
0x00007ffef2df0000 - 0x00007ffef2f1b000 	C:\Windows\System32\gdi32full.dll
0x00007ffef2d40000 - 0x00007ffef2de3000 	C:\Windows\System32\msvcp_win.dll
0x00007ffef5b00000 - 0x00007ffef5b31000 	C:\Windows\System32\IMM32.DLL
0x00007ffeeddb0000 - 0x00007ffeeddbc000 	C:\Users\jelen\.gradle\jdks\eclipse_adoptium-17-amd64-windows.2\bin\vcruntime140_1.dll
0x00007ffeda780000 - 0x00007ffeda80d000 	C:\Users\jelen\.gradle\jdks\eclipse_adoptium-17-amd64-windows.2\bin\msvcp140.dll
0x00007ffe88c40000 - 0x00007ffe898ab000 	C:\Users\jelen\.gradle\jdks\eclipse_adoptium-17-amd64-windows.2\bin\server\jvm.dll
0x00007ffef5c60000 - 0x00007ffef5d1b000 	C:\Windows\System32\ADVAPI32.dll
0x00007ffef3ec0000 - 0x00007ffef3f67000 	C:\Windows\System32\sechost.dll
0x00007ffef4ea0000 - 0x00007ffef4fb8000 	C:\Windows\System32\RPCRT4.dll
0x00007ffef3f70000 - 0x00007ffef3fe4000 	C:\Windows\System32\WS2_32.dll
0x00007ffef2620000 - 0x00007ffef267e000 	C:\Windows\SYSTEM32\POWRPROF.dll
0x00007ffee9770000 - 0x00007ffee97a5000 	C:\Windows\SYSTEM32\WINMM.dll
0x00007ffedec50000 - 0x00007ffedec5b000 	C:\Windows\SYSTEM32\VERSION.dll
0x00007ffef2600000 - 0x00007ffef2614000 	C:\Windows\SYSTEM32\UMPDC.dll
0x00007ffef1550000 - 0x00007ffef156b000 	C:\Windows\SYSTEM32\kernel.appcore.dll
0x00007ffeedd30000 - 0x00007ffeedd3a000 	C:\Users\jelen\.gradle\jdks\eclipse_adoptium-17-amd64-windows.2\bin\jimage.dll
0x00007ffef04d0000 - 0x00007ffef0712000 	C:\Windows\SYSTEM32\DBGHELP.DLL
0x00007ffef4080000 - 0x00007ffef4402000 	C:\Windows\System32\combase.dll
0x00007ffef48f0000 - 0x00007ffef49c7000 	C:\Windows\System32\OLEAUT32.dll
0x00007ffeb7fc0000 - 0x00007ffeb7ffb000 	C:\Windows\SYSTEM32\dbgcore.DLL
0x00007ffef2f20000 - 0x00007ffef2fc5000 	C:\Windows\System32\bcryptPrimitives.dll
0x00007ffeda850000 - 0x00007ffeda88b000 	C:\Users\jelen\.gradle\jdks\eclipse_adoptium-17-amd64-windows.2\bin\jdwp.dll
0x00007ffee0a00000 - 0x00007ffee0a0e000 	C:\Users\jelen\.gradle\jdks\eclipse_adoptium-17-amd64-windows.2\bin\instrument.dll
0x00007ffedff50000 - 0x00007ffedff75000 	C:\Users\jelen\.gradle\jdks\eclipse_adoptium-17-amd64-windows.2\bin\java.dll
0x00007ffedfd80000 - 0x00007ffedfd98000 	C:\Users\jelen\.gradle\jdks\eclipse_adoptium-17-amd64-windows.2\bin\zip.dll
0x00007ffea5db0000 - 0x00007ffea5e87000 	C:\Users\jelen\.gradle\jdks\eclipse_adoptium-17-amd64-windows.2\bin\jsvml.dll
0x00007ffef51d0000 - 0x00007ffef592f000 	C:\Windows\System32\SHELL32.dll
0x00007ffef3b10000 - 0x00007ffef3c7a000 	C:\Windows\System32\wintypes.dll
0x00007ffef32a0000 - 0x00007ffef3b04000 	C:\Windows\System32\windows.storage.dll
0x00007ffef5b40000 - 0x00007ffef5c37000 	C:\Windows\System32\SHCORE.dll
0x00007ffef3c80000 - 0x00007ffef3ce7000 	C:\Windows\System32\shlwapi.dll
0x00007ffef26e0000 - 0x00007ffef2709000 	C:\Windows\SYSTEM32\profapi.dll
0x00007ffee0690000 - 0x00007ffee069c000 	C:\Users\jelen\.gradle\jdks\eclipse_adoptium-17-amd64-windows.2\bin\dt_socket.dll
0x00007ffef0f10000 - 0x00007ffef0f43000 	C:\Windows\SYSTEM32\IPHLPAPI.DLL
0x00007ffef1ac0000 - 0x00007ffef1b2b000 	C:\Windows\system32\mswsock.dll
0x00007ffeddfb0000 - 0x00007ffeddfc9000 	C:\Users\jelen\.gradle\jdks\eclipse_adoptium-17-amd64-windows.2\bin\net.dll
0x00007ffeebd30000 - 0x00007ffeebe57000 	C:\Windows\SYSTEM32\WINHTTP.dll
0x00007ffedd780000 - 0x00007ffedd796000 	C:\Users\jelen\.gradle\jdks\eclipse_adoptium-17-amd64-windows.2\bin\nio.dll
0x00007ffee0560000 - 0x00007ffee056e000 	C:\Users\jelen\.gradle\jdks\eclipse_adoptium-17-amd64-windows.2\bin\sunmscapi.dll
0x00007ffef27c0000 - 0x00007ffef2937000 	C:\Windows\System32\CRYPT32.dll
0x00007ffef1fc0000 - 0x00007ffef1ff0000 	C:\Windows\SYSTEM32\ncrypt.dll
0x00007ffef1f70000 - 0x00007ffef1faf000 	C:\Windows\SYSTEM32\NTASN1.dll
0x00007ffef1da0000 - 0x00007ffef1dbb000 	C:\Windows\SYSTEM32\CRYPTSP.dll
0x00007ffef1490000 - 0x00007ffef14c9000 	C:\Windows\system32\rsaenh.dll
0x00007ffef1b70000 - 0x00007ffef1ba2000 	C:\Windows\SYSTEM32\USERENV.dll
0x00007ffef26b0000 - 0x00007ffef26da000 	C:\Windows\SYSTEM32\bcrypt.dll
0x00007ffef1dc0000 - 0x00007ffef1dcc000 	C:\Windows\SYSTEM32\CRYPTBASE.dll
0x00007ffef5c40000 - 0x00007ffef5c4a000 	C:\Windows\System32\NSI.dll
0x00007ffeec7e0000 - 0x00007ffeec7fd000 	C:\Windows\SYSTEM32\dhcpcsvc6.DLL
0x00007ffeec7b0000 - 0x00007ffeec7d3000 	C:\Windows\SYSTEM32\dhcpcsvc.DLL
0x00007ffef0fa0000 - 0x00007ffef10ca000 	C:\Windows\SYSTEM32\DNSAPI.dll
0x00007ffee00a0000 - 0x00007ffee00aa000 	C:\Users\jelen\.gradle\jdks\eclipse_adoptium-17-amd64-windows.2\bin\management.dll
0x00007ffedd750000 - 0x00007ffedd75b000 	C:\Users\jelen\.gradle\jdks\eclipse_adoptium-17-amd64-windows.2\bin\management_ext.dll
0x00007ffef59f0000 - 0x00007ffef59f8000 	C:\Windows\System32\PSAPI.DLL
0x00007ffedd740000 - 0x00007ffedd750000 	C:\Users\jelen\.gradle\jdks\eclipse_adoptium-17-amd64-windows.2\bin\verify.dll
0x00007ffeeb1e0000 - 0x00007ffeeb1eb000 	C:\Windows\System32\rasadhlp.dll
0x00007ffeec9c0000 - 0x00007ffeeca46000 	C:\Windows\System32\fwpuclnt.dll
0x00007ffee02c0000 - 0x00007ffee02c9000 	C:\Users\jelen\.gradle\jdks\eclipse_adoptium-17-amd64-windows.2\bin\extnet.dll

dbghelp: loaded successfully - version: 4.0.5 - missing functions: none
symbol engine: initialized successfully - sym options: 0x614 - pdb path: .;C:\Users\jelen\.gradle\jdks\eclipse_adoptium-17-amd64-windows.2\bin;C:\Windows\SYSTEM32;C:\Windows\WinSxS\amd64_microsoft.windows.common-controls_6595b64144ccf1df_6.0.26100.8037_none_3e092faae333b53b;C:\Users\jelen\.gradle\jdks\eclipse_adoptium-17-amd64-windows.2\bin\server

VM Arguments:
jvm_args: -agentlib:jdwp=transport=dt_socket,address=127.0.0.1:56922,suspend=y,server=n -javaagent:C:\Users\jelen\AppData\Local\JetBrains\IdeaIC2024.3\captureAgent\debugger-agent.jar -Dkotlinx.coroutines.debug.enable.creation.stack.trace=false -Ddebugger.agent.enable.coroutines=true -Dkotlinx.coroutines.debug.enable.flows.stack.trace=true -Dkotlinx.coroutines.debug.enable.mutable.state.flows.stack.trace=true -Dfile.encoding=UTF-8 
java_command: org.example.Main
java_class_path (initial): C:\Users\jelen\Desktop\diplomski\chat-app\backend\target\classes;C:\Users\jelen\.m2\repository\org\projectlombok\lombok\1.18.32\lombok-1.18.32.jar;C:\Users\jelen\.m2\repository\org\springframework\boot\spring-boot-starter-data-jpa\3.2.5\spring-boot-starter-data-jpa-3.2.5.jar;C:\Users\jelen\.m2\repository\org\springframework\boot\spring-boot-starter-aop\3.2.5\spring-boot-starter-aop-3.2.5.jar;C:\Users\jelen\.m2\repository\org\aspectj\aspectjweaver\1.9.22\aspectjweaver-1.9.22.jar;C:\Users\jelen\.m2\repository\org\springframework\boot\spring-boot-starter-jdbc\3.2.5\spring-boot-starter-jdbc-3.2.5.jar;C:\Users\jelen\.m2\repository\com\zaxxer\HikariCP\5.0.1\HikariCP-5.0.1.jar;C:\Users\jelen\.m2\repository\org\springframework\spring-jdbc\6.1.6\spring-jdbc-6.1.6.jar;C:\Users\jelen\.m2\repository\org\hibernate\orm\hibernate-core\6.4.4.Final\hibernate-core-6.4.4.Final.jar;C:\Users\jelen\.m2\repository\jakarta\persistence\jakarta.persistence-api\3.1.0\jakarta.persistence-api-3.1.0.jar;C:\Users\jelen\.m2\repository\jakarta\transaction\jakarta.transaction-api\2.0.1\jakarta.transaction-api-2.0.1.jar;C:\Users\jelen\.m2\repository\org\jboss\logging\jboss-logging\3.5.3.Final\jboss-logging-3.5.3.Final.jar;C:\Users\jelen\.m2\repository\org\hibernate\common\hibernate-commons-annotations\6.0.6.Final\hibernate-commons-annotations-6.0.6.Final.jar;C:\Users\jelen\.m2\repository\io\smallrye\jandex\3.1.2\jandex-3.1.2.jar;C:\Users\jelen\.m2\repository\com\fasterxml\classmate\1.6.0\classmate-1.6.0.jar;C:\Users\jelen\.m2\repository\net\bytebuddy\byte-buddy\1.14.13\byte-buddy-1.14.13.jar;C:\Users\jelen\.m2\repository\jakarta\xml\bind\jakarta.xml.bind-api\4.0.2\jakarta.xml.bind-api-4.0.2.jar;C:\Users\jelen\.m2\repository\org\glassfish\jaxb\jaxb-runtime\4.0.5\jaxb-runtime-4.0.5.jar;C:\Users\jelen\.m2\repository\org\glassfish\jaxb\jaxb-core\4.0.5\jaxb-core-4.0.5.jar;C:\Users\jelen\.m2\repository\org\glassfish\jaxb\txw2\4.0.5\txw2-4.0.5.jar;C:\Users\jelen\.m2\repository\c
Launcher Type: SUN_STANDARD

[Global flags]
     intx CICompilerCount                          = 4                                         {product} {ergonomic}
     uint ConcGCThreads                            = 3                                         {product} {ergonomic}
     uint G1ConcRefinementThreads                  = 10                                        {product} {ergonomic}
   size_t G1HeapRegionSize                         = 2097152                                   {product} {ergonomic}
    uintx GCDrainStackTargetSize                   = 64                                        {product} {ergonomic}
   size_t InitialHeapSize                          = 264241152                                 {product} {ergonomic}
   size_t MarkStackSize                            = 4194304                                   {product} {ergonomic}
   size_t MaxHeapSize                              = 4213178368                                {product} {ergonomic}
   size_t MaxNewSize                               = 2527068160                                {product} {ergonomic}
   size_t MinHeapDeltaBytes                        = 2097152                                   {product} {ergonomic}
   size_t MinHeapSize                              = 8388608                                   {product} {ergonomic}
    uintx NonNMethodCodeHeapSize                   = 5839372                                {pd product} {ergonomic}
    uintx NonProfiledCodeHeapSize                  = 122909434                              {pd product} {ergonomic}
    uintx ProfiledCodeHeapSize                     = 122909434                              {pd product} {ergonomic}
    uintx ReservedCodeCacheSize                    = 251658240                              {pd product} {ergonomic}
     bool SegmentedCodeCache                       = true                                      {product} {ergonomic}
   size_t SoftMaxHeapSize                          = 4213178368                             {manageable} {ergonomic}
     bool UseCompressedClassPointers               = true                           {product lp64_product} {ergonomic}
     bool UseCompressedOops                        = true                           {product lp64_product} {ergonomic}
     bool UseG1GC                                  = true                                      {product} {ergonomic}
     bool UseLargePagesIndividualAllocation        = false                                  {pd product} {ergonomic}

Logging:
Log output configuration:
 #0: stdout all=warning uptime,level,tags
 #1: stderr all=off uptime,level,tags

Environment Variables:
PATH=C:\Python313\Scripts\;C:\Python313\;C:\Windows\system32;C:\Windows;C:\Windows\System32\Wbem;C:\Windows\System32\WindowsPowerShell\v1.0\;C:\Windows\System32\OpenSSH\;C:\Program Files\dotnet\;C:\Program Files\Microsoft SQL Server\150\Tools\Binn\;C:\Program Files\Microsoft SQL Server\Client SDK\ODBC\170\Tools\Binn\;C:\Program Files (x86)\Windows Kits\10\Windows Performance Toolkit\;C:\ProgramData\chocolatey\bin;C:\Program Files\Git\cmd;C:\Program Files\Go\bin;C:\Program Files\nodejs\;C:\Users\jelen\AppData\Local\Microsoft\WindowsApps;C:\Users\jelen\.dotnet\tools;C:\Users\jelen\AppData\Local\Programs\Microsoft VS Code\bin;C:\Program Files\JetBrains\IntelliJ IDEA Community Edition 2024.3.2.2\bin;C:\Users\jelen\go\bin;C:\Users\jelen\AppData\Roaming\npm;C:\Users\jelen\AppData\Local\gitkraken\bin;C:\Program Files\OpenSSL-Win64\bin;C:\Users\jelen\Protoc;C:\Users\jelen\Protoc\bin;
USERNAME=jelen
OS=Windows_NT
PROCESSOR_IDENTIFIER=Intel64 Family 6 Model 186 Stepping 3, GenuineIntel
TMP=C:\Users\jelen\AppData\Local\Temp
TEMP=C:\Users\jelen\AppData\Local\Temp



Periodic native trim disabled


---------------  S Y S T E M  ---------------

OS:
 Windows 11 , 64 bit Build 26100 (10.0.26100.7920)
OS uptime: 20 days 0:21 hours
Hyper-V role detected

CPU: total 12 (initial active 12) (6 cores per cpu, 2 threads per core) family 6 model 186 stepping 3 microcode 0x4128, cx8, cmov, fxsr, ht, mmx, 3dnowpref, sse, sse2, sse3, ssse3, sse4.1, sse4.2, popcnt, lzcnt, tsc, tscinvbit, avx, avx2, aes, erms, clmul, bmi1, bmi2, adx, sha, fma, vzeroupper, clflush, clflushopt, clwb, hv
Processor Information for all 12 processors :
  Max Mhz: 1300, Current Mhz: 1300, Mhz Limit: 1300

Memory: 4k page, system-wide physical 16068M (666M free)
TotalPageFile size 65220M (AvailPageFile size 48M)
current process WorkingSet (physical memory assigned to process): 351M, peak: 354M
current process commit charge ("private bytes"): 392M, peak: 422M

vm_info: OpenJDK 64-Bit Server VM (17.0.14+7) for windows-amd64 JRE (17.0.14+7), built on Jan 21 2025 23:40:15 by "admin" with MS VC++ 17.7 (VS2022)

END.
